// Vitest Snapshot v1, https://vitest.dev/guide/snapshot.html

exports[`rewriteRegen.v4 prompt (F-14.10, F-5.6) > is version 3's regenerate with the mood block after the steer 1`] = `
[
  {
    "content": "You are the rewrite feature inside a novel-writing app. Rewrite the passage the author selected so it reads as the author's own voice, as described below. Keep its meaning, its events, the names and facts it states, its point of view, its tense, and roughly its length. Remove generic or machine-sounding phrasing. Reply with the rewritten passage only, with the same paragraph breaks: no preamble, no notes, and no quotation marks around the answer. Match the author's voice:
- Narration is in past tense.

Scene: location Ferry landing, POV Mara, timeline —.

The writer asked for a different rewrite and said: "Less lightning, more of the rope.". Your last attempt switches to present tense. Rewrite it again, keeping the manuscript's voice.",
    "role": "system",
  },
  {
    "content": "Scene tags (let them steer the writing):
Tone: tense
Write in this tone.

Scene mood: quiet dread
Keep the edit in line with it.

Text before:
"""
She set the lantern down on the post.
"""

Passage to rewrite:
"""
The storm broke at dusk over the dark forest. Mara counted the lightning gaps.
"""

Rewrite the passage.",
    "role": "user",
  },
]
`;
